-bash: ./run_tests.sh: No such file or directory
