--- UI-Sim Trace Start ---
STATE_SET: counter = 0.000 (old: 0.000)
NOTIFY: counter = 0.000
STATE_SET: time = 0.000 (old: 0.000)
NOTIFY: time = 0.000

--- TICK 1 ---
STATE_SET: time = 0.033 (old: 0.000)
NOTIFY: time = 0.033
STATE_SET: counter = 1.000 (old: 0.000)
NOTIFY: counter = 1.000

--- TICK 2 ---
STATE_SET: time = 0.066 (old: 0.033)
NOTIFY: time = 0.066
STATE_SET: counter = 2.000 (old: 1.000)
NOTIFY: counter = 2.000

--- TICK 3 ---
STATE_SET: time = 0.099 (old: 0.066)
NOTIFY: time = 0.099
STATE_SET: counter = 3.000 (old: 2.000)
NOTIFY: counter = 3.000

--- UI-Sim Trace End ---
