--- UI-Sim Trace Start ---
STATE_SET: a = 5.000 (old: null)
STATE_SET: b = 5.000 (old: null)
STATE_SET: b1 = true (old: null)
STATE_SET: b2 = true (old: null)
STATE_SET: c = 6.000 (old: null)
STATE_SET: cross_type = false (old: null)
STATE_SET: eq_b = true (old: null)
STATE_SET: eq_f = true (old: null)
STATE_SET: eq_s = true (old: null)
STATE_SET: gt_f = false (old: null)
STATE_SET: gte_f = true (old: null)
STATE_SET: lt_f = true (old: null)
STATE_SET: lte_f = true (old: null)
STATE_SET: neq_f = true (old: null)
STATE_SET: neq_s = true (old: null)
STATE_SET: s1 = "hello" (old: null)
STATE_SET: s2 = "hello" (old: null)
STATE_SET: s3 = "world" (old: null)
NOTIFY: a = 5.000
NOTIFY: b = 5.000
NOTIFY: b1 = true
NOTIFY: b2 = true
NOTIFY: c = 6.000
NOTIFY: cross_type = false
NOTIFY: eq_b = true
NOTIFY: eq_f = true
NOTIFY: eq_s = true
NOTIFY: gt_f = false
NOTIFY: gte_f = true
NOTIFY: lt_f = true
NOTIFY: lte_f = true
NOTIFY: neq_f = true
NOTIFY: neq_s = true
NOTIFY: s1 = "hello"
NOTIFY: s2 = "hello"
NOTIFY: s3 = "world"

--- TICK 1 ---

--- UI-Sim Trace End ---
