[IR_NODE_ROOT]
  [IR_NODE_OBJECT] c_name="obj_0" json_type="obj" c_type="lv_obj_t*" deferred="create_ui_obj_0"
    [CONSTRUCTOR_EXPR]
      [IR_EXPR_FUNCTION_CALL] type: <lv_obj_t*> func_name="lv_obj_create"
        [ARGS]
          [IR_EXPR_REGISTRY_REF] type: <lv_obj_t*> name=parent
    [OPERATIONS]
      [IR_EXPR_FUNCTION_CALL] type: <void> func_name="lv_obj_set_style_size"
        [ARGS]
          [IR_EXPR_REGISTRY_REF] type: <lv_obj_t*> name=obj_0
          [IR_EXPR_LITERAL] type: <float> value=200 is_string=false
          [IR_EXPR_LITERAL] type: <float> value=100 is_string=false
          [IR_EXPR_LITERAL] type: <lv_style_selector_t> value=0 is_string=false
      [IR_NODE_OBJECT]       [IR_NODE_OBJECT] c_name="label_1" json_type="label" c_type="lv_obj_t*"
        [CONSTRUCTOR_EXPR]
          [IR_EXPR_FUNCTION_CALL] type: <lv_obj_t*> func_name="lv_label_create"
            [ARGS]
              [IR_EXPR_REGISTRY_REF] type: <lv_obj_t*> name=obj_0
        [OPERATIONS]
          [IR_EXPR_FUNCTION_CALL] type: <void> func_name="lv_label_set_text"
            [ARGS]
              [IR_EXPR_REGISTRY_REF] type: <lv_obj_t*> name=label_1
              [IR_EXPR_LITERAL] type: <const char*> value=Page content is_string=true
          [IR_EXPR_FUNCTION_CALL] type: <void> func_name="lv_obj_set_style_align"
            [ARGS]
              [IR_EXPR_REGISTRY_REF] type: <lv_obj_t*> name=label_1
              [IR_EXPR_ENUM] type: <lv_align_t> symbol=LV_ALIGN_CENTER
              [IR_EXPR_LITERAL] type: <lv_style_selector_t> value=0 is_string=false
