[{
		"type":	"widget-template",
		"name":	"LabeledInput",
		"properties":	[{
				"label":	{
					"type":	"string",
					"default":	"Input:"
				}
			}, {
				"value":	{
					"type":	"string",
					"default":	""
				}
			}],
		"events":	["on_change"],
		"body":	[{
				"type":	"container",
				"style_flex_flow":	"row",
				"children":	[{
						"type":	"label",
						"text":	"@= properties.label"
					}, {
						"type":	"input",
						"value":	"@= properties.value",
						"on_change":	"@= fire_event('on_change', self.value)"
					}]
			}]
	}]
